Analyzing smart_home...                                         

warning - Unused import: 'package:flutter/material.dart' - lib\core\router.dart:1:8 - unused_import
   info - 'background' is deprecated and shouldn't be used. Use surface instead. This feature was deprecated after v3.18.0-0.1.pre - lib\core\theme.dart:20:9 - deprecated_member_use
   info - 'background' is deprecated and shouldn't be used. Use surface instead. This feature was deprecated after v3.18.0-0.1.pre - lib\core\theme.dart:57:9 - deprecated_member_use
  error - Classes can only extend other classes - lib\providers\auth_provider.dart:28:28 - extends_non_class
  error - Too many positional arguments: 0 expected, but 1 found - lib\providers\auth_provider.dart:29:26 - extra_positional_arguments
  error - Undefined name 'state' - lib\providers\auth_provider.dart:41:5 - undefined_identifier
  error - Undefined name 'state' - lib\providers\auth_provider.dart:41:13 - undefined_identifier
  error - Undefined name 'state' - lib\providers\auth_provider.dart:49:5 - undefined_identifier
  error - Undefined name 'state' - lib\providers\auth_provider.dart:49:13 - undefined_identifier
  error - Undefined name 'state' - lib\providers\auth_provider.dart:57:5 - undefined_identifier
  error - Undefined name 'state' - lib\providers\auth_provider.dart:57:13 - undefined_identifier
  error - Undefined name 'state' - lib\providers\auth_provider.dart:65:5 - undefined_identifier
  error - Undefined name 'state' - lib\providers\auth_provider.dart:65:13 - undefined_identifier
  error - The function 'StateNotifierProvider' isn't defined - lib\providers\auth_provider.dart:69:22 - undefined_function
  error - Classes can only extend other classes - lib\providers\automation_provider.dart:5:34 - extends_non_class
  error - Too many positional arguments: 0 expected, but 1 found - lib\providers\automation_provider.dart:8:40 - extra_positional_arguments
  error - Undefined name 'state' - lib\providers\automation_provider.dart:15:7 - undefined_identifier
  error - Undefined name 'state' - lib\providers\automation_provider.dart:17:7 - undefined_identifier
  error - Undefined name 'state' - lib\providers\automation_provider.dart:22:5 - undefined_identifier
  error - Undefined name 'state' - lib\providers\automation_provider.dart:23:7 - undefined_identifier
  error - The function 'StateNotifierProvider' isn't defined - lib\providers\automation_provider.dart:31:28 - undefined_function
  error - Classes can only extend other classes - lib\providers\smart_home_provider.dart:13:31 - extends_non_class
  error - Too many positional arguments: 0 expected, but 1 found - lib\providers\smart_home_provider.dart:16:37 - extra_positional_arguments
  error - Undefined name 'state' - lib\providers\smart_home_provider.dart:24:7 - undefined_identifier
  error - Undefined name 'state' - lib\providers\smart_home_provider.dart:26:7 - undefined_identifier
  error - Undefined name 'state' - lib\providers\smart_home_provider.dart:33:7 - undefined_identifier
  error - Undefined name 'state' - lib\providers\smart_home_provider.dart:38:9 - undefined_identifier
  error - Undefined name 'state' - lib\providers\smart_home_provider.dart:46:5 - undefined_identifier
  error - Undefined name 'state' - lib\providers\smart_home_provider.dart:47:7 - undefined_identifier
  error - The function 'StateNotifierProvider' isn't defined - lib\providers\smart_home_provider.dart:59:25 - undefined_function
  error - Classes can only extend other classes - lib\providers\theme_provider.dart:28:29 - extends_non_class
  error - Too many positional arguments: 0 expected, but 1 found - lib\providers\theme_provider.dart:29:27 - extra_positional_arguments
  error - Undefined name 'state' - lib\providers\theme_provider.dart:35:5 - undefined_identifier
  error - Undefined name 'state' - lib\providers\theme_provider.dart:44:23 - undefined_identifier
  error - Undefined name 'state' - lib\providers\theme_provider.dart:46:5 - undefined_identifier
  error - Undefined name 'state' - lib\providers\theme_provider.dart:46:13 - undefined_identifier
  error - Undefined name 'state' - lib\providers\theme_provider.dart:51:23 - undefined_identifier
  error - Undefined name 'state' - lib\providers\theme_provider.dart:53:5 - undefined_identifier
  error - Undefined name 'state' - lib\providers\theme_provider.dart:53:13 - undefined_identifier
  error - Undefined name 'state' - lib\providers\theme_provider.dart:59:5 - undefined_identifier
  error - Undefined name 'state' - lib\providers\theme_provider.dart:59:13 - undefined_identifier
  error - The function 'StateNotifierProvider' isn't defined - lib\providers\theme_provider.dart:63:23 - undefined_function
  error - The method 'push' isn't defined for the type 'BuildContext' - lib\screens\auth\login_screen.dart:75:46 - undefined_method
warning - Unused import: 'package:go_router/go_router.dart' - lib\screens\auth\register_screen.dart:3:8 - unused_import
warning - Unused import: '../providers/auth_provider.dart' - lib\screens\splash_screen.dart:4:8 - unused_import
   info - Don't invoke 'print' in production code - lib\services\mqtt_service.dart:13:5 - avoid_print
  error - The name 'MyApp' isn't a class - test\widget_test.dart:16:35 - creation_with_non_type

